// Vitest Snapshot v1, https://vitest.dev/guide/snapshot.html

exports[`component of LoginPage.vue > should render 1`] = `
"<div>
  <form class="vue-form vue-form--default vue-form--label-right" style="max-width: 400px; margin-bottom: 20px;">
    <div class="vue-form-item asterisk-left" role="group" aria-labelledby="vue-id-0">
      <div id="vue-id-0" class="vue-form-item__label" style="width: 80px;">Username</div>
      <div class="vue-form-item__content">
        <div class="vue-input username">
          <!---->
          <div class="vue-input__wrapper">
            <!----><input class="vue-input__inner" type="text" autocomplete="off" tabindex="0">
            <!---->
          </div>
          <!---->
        </div>
        <transition-group-stub name="vue-zoom-in-top" appear="false" persisted="false" css="true">
          <!---->
        </transition-group-stub>
      </div>
    </div>
    <div class="vue-form-item asterisk-left" role="group" aria-labelledby="vue-id-1">
      <div id="vue-id-1" class="vue-form-item__label" style="width: 80px;">Password</div>
      <div class="vue-form-item__content">
        <div class="vue-input password">
          <!---->
          <div class="vue-input__wrapper">
            <!----><input class="vue-input__inner" type="password" autocomplete="off" tabindex="0">
            <!---->
          </div>
          <!---->
        </div>
        <transition-group-stub name="vue-zoom-in-top" appear="false" persisted="false" css="true">
          <!---->
        </transition-group-stub>
      </div>
    </div>
    <div class="vue-form-item asterisk-left">
      <div class="vue-form-item__content" style="margin-left: 80px;"><button aria-disabled="false" type="button" class="vue-button vue-button--primary">
          <!----><span class=""> Add User </span>
        </button>
        <transition-group-stub name="vue-zoom-in-top" appear="false" persisted="false" css="true">
          <!---->
        </transition-group-stub>
      </div>
    </div>
  </form>
</div>"
`;
